// Jest Snapshot v1, https://goo.gl/fbAQLP

exports[`booking page render correctly 1`] = `
<Booking>
  <div
    className="booking-page"
  >
    <Component
      searchHome={[Function]}
    />
  </div>
</Booking>
`;
