// Jest Snapshot v1, https://goo.gl/fbAQLP

exports[`Home should render 1`] = `
<div
  className="homepage"
>
  <div
    className="white-box"
  >
    <div
      className="box"
    >
      <img
        alt="uber-img"
        src="uber-home-img.jpg"
      />
      <div>
        <h2>
          Your ride, on demand
        </h2>
        <p>
          Whether you're headed to work, the airport, or put on the town, Uber connects you with a reliable ride in minutes. One tap and a car come directly to you.
        </p>
      </div>
      <button
        className="black-btn"
        onClick={[Function]}
      >
        Register with iPhone
      </button>
    </div>
  </div>
</div>
`;
