// Jest Snapshot v1, https://goo.gl/fbAQLP

exports[`sign up otp form render correctly 1`] = `
<div
  className="signupForm"
>
  <div
    className="col"
  >
    <p>
      Enter the 4-digit code sent to you at 
      123 456 7890
      . 
    </p>
    <p
      className="clickable-line"
      onClick={[MockFunction]}
    >
      Did you enter the correct number?
    </p>
    <div
      className="otp-row"
    >
      <input
        autoComplete="off"
        autoFocus={true}
        className="otp-box"
        key="0"
        maxLength="1"
        name="otp"
        onChange={[Function]}
        type="text"
        value=""
      />
      <input
        autoComplete="off"
        autoFocus={false}
        className="otp-box"
        key="1"
        maxLength="1"
        name="otp"
        onChange={[Function]}
        type="text"
        value=""
      />
      <input
        autoComplete="off"
        autoFocus={false}
        className="otp-box"
        key="2"
        maxLength="1"
        name="otp"
        onChange={[Function]}
        type="text"
        value=""
      />
      <input
        autoComplete="off"
        autoFocus={false}
        className="otp-box"
        key="3"
        maxLength="1"
        name="otp"
        onChange={[Function]}
        type="text"
        value=""
      />
    </div>
    <p
      className="error-msg"
    />
    <p
      className="clickable-line"
    >
      I didn’t receive code.
    </p>
    <button
      className="round-btn"
      onClick={[Function]}
    >
      →
    </button>
  </div>
</div>
`;
