// Jest Snapshot v1, https://goo.gl/fbAQLP

exports[`sign up phone form render correctly 1`] = `
<WithFormik(Phone)
  handleSubmit={[MockFunction]}
  postalCodeList={Array []}
>
  <Formik
    handleSubmit={[Function]}
    initialValues={
      Object {
        "agreeTerm": false,
        "phoneNumber": "",
        "postalCode": undefined,
      }
    }
    onSubmit={[Function]}
    postalCodeList={Array []}
    validationSchema={[Function]}
  >
    <Phone
      dirty={false}
      errors={Object {}}
      getFieldHelpers={[Function]}
      getFieldMeta={[Function]}
      getFieldProps={[Function]}
      handleBlur={[Function]}
      handleChange={[Function]}
      handleReset={[Function]}
      handleSubmit={[Function]}
      initialErrors={Object {}}
      initialTouched={Object {}}
      initialValues={
        Object {
          "agreeTerm": false,
          "phoneNumber": "",
          "postalCode": undefined,
        }
      }
      isSubmitting={false}
      isValid={true}
      isValidating={false}
      postalCodeList={Array []}
      registerField={[Function]}
      resetForm={[Function]}
      setErrors={[Function]}
      setFieldError={[Function]}
      setFieldTouched={[Function]}
      setFieldValue={[Function]}
      setFormikState={[Function]}
      setStatus={[Function]}
      setSubmitting={[Function]}
      setTouched={[Function]}
      setValues={[Function]}
      submitCount={0}
      submitForm={[Function]}
      touched={Object {}}
      unregisterField={[Function]}
      validateField={[Function]}
      validateForm={[Function]}
      validateOnBlur={true}
      validateOnChange={true}
      validateOnMount={false}
      values={
        Object {
          "agreeTerm": false,
          "phoneNumber": "",
          "postalCode": undefined,
        }
      }
    >
      <div
        className="signupForm"
      >
        <Form
          className="col"
        >
          <form
            action="#"
            className="col"
            onReset={[Function]}
            onSubmit={[Function]}
          >
            <h2>
              Get moving with Uber
            </h2>
            <div
              className="input-row"
            >
              <Field
                as="select"
                className="input-box"
                name="postalCode"
              >
                <select
                  className="input-box"
                  name="postalCode"
                  onBlur={[Function]}
                  onChange={[Function]}
                />
              </Field>
              <Field
                className="input-box"
                name="phoneNumber"
                placeholder="Enter your mobile number"
                type="tel"
              >
                <input
                  className="input-box"
                  name="phoneNumber"
                  onBlur={[Function]}
                  onChange={[Function]}
                  placeholder="Enter your mobile number"
                  type="tel"
                  value=""
                />
              </Field>
            </div>
            <FormikConnect(ErrorMessageImpl)
              name="phoneNumber"
            >
              <ErrorMessageImpl
                formik={
                  Object {
                    "dirty": false,
                    "errors": Object {},
                    "getFieldHelpers": [Function],
                    "getFieldMeta": [Function],
                    "getFieldProps": [Function],
                    "handleBlur": [Function],
                    "handleChange": [Function],
                    "handleReset": [Function],
                    "handleSubmit": [Function],
                    "initialErrors": Object {},
                    "initialStatus": undefined,
                    "initialTouched": Object {},
                    "initialValues": Object {
                      "agreeTerm": false,
                      "phoneNumber": "",
                      "postalCode": undefined,
                    },
                    "isSubmitting": false,
                    "isValid": true,
                    "isValidating": false,
                    "registerField": [Function],
                    "resetForm": [Function],
                    "setErrors": [Function],
                    "setFieldError": [Function],
                    "setFieldTouched": [Function],
                    "setFieldValue": [Function],
                    "setFormikState": [Function],
                    "setStatus": [Function],
                    "setSubmitting": [Function],
                    "setTouched": [Function],
                    "setValues": [Function],
                    "status": undefined,
                    "submitCount": 0,
                    "submitForm": [Function],
                    "touched": Object {},
                    "unregisterField": [Function],
                    "validateField": [Function],
                    "validateForm": [Function],
                    "validateOnBlur": true,
                    "validateOnChange": true,
                    "validateOnMount": false,
                    "values": Object {
                      "agreeTerm": false,
                      "phoneNumber": "",
                      "postalCode": undefined,
                    },
                  }
                }
                name="phoneNumber"
              />
            </FormikConnect(ErrorMessageImpl)>
            <label>
              <Field
                name="agreeTerm"
                type="checkbox"
              >
                <input
                  checked={false}
                  name="agreeTerm"
                  onBlur={[Function]}
                  onChange={[Function]}
                  type="checkbox"
                  value={false}
                />
              </Field>
              Agree Terms and Conditions
            </label>
            <FormikConnect(ErrorMessageImpl)
              name="agreeTerm"
            >
              <ErrorMessageImpl
                formik={
                  Object {
                    "dirty": false,
                    "errors": Object {},
                    "getFieldHelpers": [Function],
                    "getFieldMeta": [Function],
                    "getFieldProps": [Function],
                    "handleBlur": [Function],
                    "handleChange": [Function],
                    "handleReset": [Function],
                    "handleSubmit": [Function],
                    "initialErrors": Object {},
                    "initialStatus": undefined,
                    "initialTouched": Object {},
                    "initialValues": Object {
                      "agreeTerm": false,
                      "phoneNumber": "",
                      "postalCode": undefined,
                    },
                    "isSubmitting": false,
                    "isValid": true,
                    "isValidating": false,
                    "registerField": [Function],
                    "resetForm": [Function],
                    "setErrors": [Function],
                    "setFieldError": [Function],
                    "setFieldTouched": [Function],
                    "setFieldValue": [Function],
                    "setFormikState": [Function],
                    "setStatus": [Function],
                    "setSubmitting": [Function],
                    "setTouched": [Function],
                    "setValues": [Function],
                    "status": undefined,
                    "submitCount": 0,
                    "submitForm": [Function],
                    "touched": Object {},
                    "unregisterField": [Function],
                    "validateField": [Function],
                    "validateForm": [Function],
                    "validateOnBlur": true,
                    "validateOnChange": true,
                    "validateOnMount": false,
                    "values": Object {
                      "agreeTerm": false,
                      "phoneNumber": "",
                      "postalCode": undefined,
                    },
                  }
                }
                name="agreeTerm"
              />
            </FormikConnect(ErrorMessageImpl)>
            <button
              className="round-btn"
              type="submit"
            >
              â†’
            </button>
          </form>
        </Form>
      </div>
    </Phone>
  </Formik>
</WithFormik(Phone)>
`;
